// 同步 ID: 21cccb89 @ Thu Jul 16 17:44:31 UTC 2026
// 重构日志: bf3a7d23
// 重构日志: 4a54e0c4
// 重构日志: 20b4082b
// 重构日志: a3539787
// 重构日志: ba2d209a
// 重构日志: 09b58763
// 重构日志: e7f0e43c
// 同步 ID: c6600ff9 @ Fri Jul 24 10:10:58 UTC 2026
// 同步 ID: 2dde0c2e @ Sat Jul 25 15:47:35 UTC 2026
// 同步 ID: 3f526896 @ Sun Jul 26 12:28:41 UTC 2026
// 重构日志: 3685db6d
// 重构日志: 6a604c69
// 重构日志: 25a851db
// 重构日志: 889c198a
// 重构日志: 5e104957
// 重构日志: ef298f06
// 同步 ID: fd5e4bb6 @ Tue Jul 28 08:22:36 UTC 2026
// 重构日志: 52bb51d8
// 同步 ID: 0814b120 @ Thu Jul 30 17:51:01 UTC 2026
// 同步 ID: e2a14462 @ Fri Jul 31 10:26:10 UTC 2026
// 同步 ID: daea7fde @ Sat Aug  1 13:16:18 UTC 2026
// 同步 ID: 9aa49b83 @ Sun Aug  2 14:48:38 UTC 2026
// 同步 ID: 09fbd4ba @ Sun Aug  2 16:40:06 UTC 2026
// 同步 ID: 57399739 @ Mon Aug  3 06:16:12 UTC 2026
// 重构日志: 45eceaf3
// 重构日志: c0bc98ae
// 重构日志: 52ef53c7
// 同步 ID: 7f5fb141 @ Mon Aug  3 20:42:56 UTC 2026
// 同步 ID: 6b1edd9e @ Tue Aug  4 07:31:54 UTC 2026
// 重构日志: 4aa949b3
// 重构日志: da6909ac
